
> three-am-shop@1.0.0 test
> react-scripts test --watchAll=false

FAIL src/App.test.js
  ● Test suite failed to run

    Cannot find module '@testing-library/dom' from 'node_modules/@testing-library/react/dist/pure.js'

    Require stack:
      node_modules/@testing-library/react/dist/pure.js
      node_modules/@testing-library/react/dist/index.js
      src/App.test.js

    [0m[31m[1m>[22m[39m[90m 1 |[39m [36mimport[39m { render[33m,[39m screen } [36mfrom[39m [32m'@testing-library/react'[39m[33m;[39m
     [90m   |[39m [31m[1m^[22m[39m
     [90m 2 |[39m [36mimport[39m { [33mProvider[39m } [36mfrom[39m [32m'react-redux'[39m[33m;[39m
     [90m 3 |[39m [36mimport[39m store [36mfrom[39m [32m'./store'[39m[33m;[39m
     [90m 4 |[39m [36mimport[39m [33mApp[39m [36mfrom[39m [32m'./App'[39m[33m;[39m[0m

      at Resolver.resolveModule (node_modules/jest-resolve/build/resolver.js:324:11)
      at Object.<anonymous> (node_modules/@testing-library/react/dist/pure.js:46:12)
      at Object.<anonymous> (node_modules/@testing-library/react/dist/index.js:7:13)
      at Object.<anonymous> (src/App.test.js:1:1)
      at TestScheduler.scheduleTests (node_modules/@jest/core/build/TestScheduler.js:333:13)
      at runJest (node_modules/@jest/core/build/runJest.js:404:19)
      at _run10000 (node_modules/@jest/core/build/cli/index.js:320:7)
      at runCLI (node_modules/@jest/core/build/cli/index.js:173:3)

Test Suites: 1 failed, 1 total
Tests:       0 total
Snapshots:   0 total
Time:        0.874 s
Ran all test suites.
